###############################################################################
#
# IAR ELF Linker V3.11.1.207 for STM8                     01/Nov/2020  11:21:04
# Copyright 2010-2019 IAR Systems AB.
#
#    Output file  =  
#        C:\Users\63432\Desktop\example\STM8_example\Debug\Exe\example.out
#    Map file     =  
#        C:\Users\63432\Desktop\example\STM8_example\Debug\List\example.map
#    Command line =  
#        -f C:\Users\63432\AppData\Local\Temp\EWD746.tmp
#        (C:\Users\63432\Desktop\example\STM8_example\Debug\Obj\app_tim4.o
#        C:\Users\63432\Desktop\example\STM8_example\Debug\Obj\LED.o
#        C:\Users\63432\Desktop\example\STM8_example\Debug\Obj\main.o
#        C:\Users\63432\Desktop\example\STM8_example\Debug\Obj\ringbuffer.o
#        C:\Users\63432\Desktop\example\STM8_example\Debug\Obj\stm8s_awu.o
#        C:\Users\63432\Desktop\example\STM8_example\Debug\Obj\stm8s_clk.o
#        C:\Users\63432\Desktop\example\STM8_example\Debug\Obj\stm8s_gpio.o
#        C:\Users\63432\Desktop\example\STM8_example\Debug\Obj\stm8s_it.o
#        C:\Users\63432\Desktop\example\STM8_example\Debug\Obj\stm8s_tim4.o
#        C:\Users\63432\Desktop\example\STM8_example\Debug\Obj\stm8s_uart1.o
#        C:\Users\63432\Desktop\example\STM8_example\Debug\Obj\tEvent.o
#        C:\Users\63432\Desktop\example\STM8_example\Debug\Obj\uart.o
#        C:\Users\63432\Desktop\example\STM8_example\Debug\Obj\wakeup_timer.o
#        --redirect _Printf=_PrintfFullNoMb --redirect _Scanf=_ScanfFullNoMb
#        --no_out_extension -o
#        C:\Users\63432\Desktop\example\STM8_example\Debug\Exe\example.out
#        --map
#        C:\Users\63432\Desktop\example\STM8_example\Debug\List\example.map
#        --config "C:\Program Files (x86)\IAR Systems\Embedded Workbench
#        8.3\stm8\config\lnkstm8s103f3.icf" --config_def _CSTACK_SIZE=0x100
#        --config_def _HEAP_SIZE=0x100 --entry __iar_program_start --debug_lib)
#
###############################################################################

*******************************************************************************
*** RUNTIME MODEL ATTRIBUTES
***

__Heap_Handler             = Basic
__SystemLibrary            = DLib
__code_model               = small
__core                     = stm8
__data_model               = medium
__dlib_file_descriptor     = 1
__dlib_full_locale_support = 1
__rt_version               = 4


*******************************************************************************
*** PLACEMENT SUMMARY
***

"A0":  place at start of [0x000000-0x0000ff] { rw section .vregs };
"A1":  place at end of [0x000000-0x0003ff] { block CSTACK };
"P2":  place in [from 0x000000 to 0x0003ff] {
          block HEAP, rw section __DLIB_PERTHREAD, rw section .far.bss,
          rw section .far.data, rw section .far.noinit,
          rw section .far_func.textrw, rw section .huge.bss,
          rw section .huge.data, rw section .huge.noinit,
          rw section .huge_func.textrw, rw section .iar.dynexit,
          rw section .near.bss, rw section .near.data, rw section .near.noinit,
          rw section .near_func.textrw };
"A2":  place at start of [0x008000-0x009fff] { block INTVEC };
"P3":  place in [from 0x008000 to 0x009fff] {
          ro section __DLIB_PERTHREAD_init, ro section .far.data_init,
          ro section .far_func.textrw_init, ro section .huge.data_init,
          ro section .huge_func.textrw_init, ro section .iar.init_table,
          ro section .init_array, ro section .near.data_init,
          ro section .near.rodata, ro section .near_func.text,
          ro section .near_func.textrw_init, ro section .tiny.data_init,
          ro section .tiny.rodata_init };
"P4":  place in [from 0x008000 to 0x009fff] {
          ro section .far.rodata, ro section .far_func.text };
"P5":  place in [from 0x008000 to 0x009fff] {
          ro section .huge.rodata, ro section .huge_func.text };
do not initialize {
   rw section .eeprom.noinit, rw section .far.noinit, rw section .huge.noinit,
   rw section .near.noinit, rw section .tiny.noinit, rw section .vregs };

No sections matched the following patterns:

  ro section .far.data_init          in "P3-P5"
  ro section .far.rodata             in "P3-P5"
  ro section .far_func.text          in "P3-P5"
  ro section .far_func.textrw_init   in "P3-P5"
  ro section .huge.data_init         in "P3-P5"
  ro section .huge.rodata            in "P3-P5"
  ro section .huge_func.text         in "P3-P5"
  ro section .huge_func.textrw_init  in "P3-P5"
  ro section .iar.init_table         in "P3-P5"
  ro section .init_array             in "P3-P5"
  ro section .near.data_init         in "P3-P5"
  ro section .near_func.textrw_init  in "P3-P5"
  ro section .tiny.data_init         in "P3-P5"
  ro section .tiny.rodata_init       in "P3-P5"
  ro section __DLIB_PERTHREAD_init   in "P3-P5"
  rw section .far.bss                in "P2"
  rw section .far.data               in "P2"
  rw section .far.noinit             in "P2"
  rw section .far_func.textrw        in "P2"
  rw section .huge.bss               in "P2"
  rw section .huge.data              in "P2"
  rw section .huge.noinit            in "P2"
  rw section .huge_func.textrw       in "P2"
  rw section .iar.dynexit            in "P2"
  rw section .near.data              in "P2"
  rw section .near.noinit            in "P2"
  rw section .near_func.textrw       in "P2"
  rw section .tiny.bss               in "P1"
  rw section .tiny.data              in "P1"
  rw section .tiny.noinit            in "P1"
  rw section .tiny.rodata            in "P1"
  rw section __DLIB_PERTHREAD        in "P2"
  section .eeprom.data               in "P6-P8"
  section .eeprom.noinit             in "P6-P8"
  section .eeprom.rodata             in "P6-P8"


  Section          Kind      Address    Size  Object
  -------          ----      -------    ----  ------
"A0":                                   0x10
  .vregs           uninit   0x000000    0x10  vregs.o [4]
                          - 0x000010    0x10

"P2":                                   0x5c
  .near.bss        zero     0x000010    0x3c  tEvent.o [1]
  .near.bss        zero     0x00004c    0x10  tEvent.o [1]
  .near.bss        zero     0x00005c     0x9  tEvent.o [1]
  .near.bss        zero     0x000065     0x4  app_tim4.o [1]
  .near.bss        zero     0x000069     0x2  wakeup_timer.o [1]
  .near.bss        zero     0x00006b     0x1  main.o [1]
                          - 0x00006c    0x5c

"A1":                                  0x100
  CSTACK                    0x000300   0x100  <Block>
    CSTACK         uninit   0x000300   0x100  <Block tail>
                          - 0x000400   0x100

"A2":                                   0x80
  INTVEC                    0x008000    0x80  <Block>
    .intvec        const    0x008000    0x80  interrupt.o [4]
                          - 0x008080    0x80

"P3-P5":                              0x158c
  .near_func.text  ro code  0x008080   0x44a  tEvent.o [1]
  .near_func.text  ro code  0x0084ca   0x222  stm8s_uart1.o [1]
  .near_func.text  ro code  0x0086ec   0x136  vreg_util.o [4]
  .near_func.text  ro code  0x008822   0x130  long.o [4]
  .near_func.text  ro code  0x008952   0x110  stm8s_gpio.o [1]
  .near_func.text  ro code  0x008a62    0xa9  stm8s_awu.o [1]
  .near_func.text  ro code  0x008b0b    0xa2  ringbuffer.o [1]
  .near_func.text  ro code  0x008bad    0x9e  stm8s_uart1.o [1]
  .near_func.text  ro code  0x008c4b    0x9d  ringbuffer.o [1]
  .near_func.text  ro code  0x008ce8    0x92  tEvent.o [1]
  .near_func.text  ro code  0x008d7a    0x8b  stm8s_clk.o [1]
  .near_func.text  ro code  0x008e05    0x88  stm8s_awu.o [1]
  .near_func.text  ro code  0x008e8d    0x57  stm8s_clk.o [1]
  .near_func.text  ro code  0x008ee4    0x53  main.o [1]
  .near_func.text  ro code  0x008f37    0x51  stm8s_tim4.o [1]
  .near_func.text  ro code  0x008f88    0x50  ringbuffer.o [1]
  .near_func.text  ro code  0x008fd8    0x50  stm8s_tim4.o [1]
  .near_func.text  ro code  0x009028    0x4e  main.o [1]
  .near_func.text  ro code  0x009076    0x47  long_util.o [4]
  .near_func.text  ro code  0x0090bd    0x43  ringbuffer.o [1]
  .near.rodata     const    0x009100    0x42  stm8s_uart1.o [1]
  .near.rodata     const    0x009142    0x41  stm8s_gpio.o [1]
  .near.rodata     const    0x009183    0x41  stm8s_tim4.o [1]
  .near.rodata     const    0x0091c4    0x40  stm8s_awu.o [1]
  .near.rodata     const    0x009204    0x40  stm8s_clk.o [1]
  .near_func.text  ro code  0x009244    0x3c  app_tim4.o [1]
  .near_func.text  ro code  0x009280    0x38  ringbuffer.o [1]
  .near_func.text  ro code  0x0092b8    0x36  ringbuffer.o [1]
  .near_func.text  ro code  0x0092ee    0x2f  stm8s_tim4.o [1]
  .near_func.text  ro code  0x00931d    0x2f  stm8s_tim4.o [1]
  .near_func.text  ro code  0x00934c    0x25  dc_util.o [4]
  .near_func.text  ro code  0x009371    0x24  stm8s_tim4.o [1]
  .near_func.text  ro code  0x009395    0x23  short.o [4]
  .iar.init_table  const    0x0093b8     0x8  - Linker created -
  .near_func.text  ro code  0x0093c0    0x20  stm8s_it.o [1]
  .near_func.text  ro code  0x0093e0    0x1f  wakeup_timer.o [1]
  .near_func.text  ro code  0x0093ff    0x1e  init_small.o [4]
  .near_func.text  ro code  0x00941d    0x1b  stm8s_it.o [1]
  .near_func.text  ro code  0x009438    0x1a  tEvent.o [1]
  .near_func.text  ro code  0x009452    0x1a  uart.o [1]
  .near_func.text  ro code  0x00946c    0x1a  uart.o [1]
  .near_func.text  ro code  0x009486    0x18  uart.o [1]
  .near.rodata     const    0x00949e    0x17  main.o [1]
  .near_func.text  ro code  0x0094b5    0x16  memset.o [4]
  .near.rodata     const    0x0094cb    0x15  main.o [1]
  .near_func.text  ro code  0x0094e0    0x14  LED.o [1]
  .near_func.text  ro code  0x0094f4    0x14  init.o [4]
  .near_func.text  ro code  0x009508    0x14  __dbg_xxexit.o [3]
  .near_func.text  ro code  0x00951c    0x13  cstartup.o [4]
  .near.rodata     const    0x00952f    0x11  stm8s_awu.o [1]
  .near.rodata     const    0x009540    0x11  stm8s_awu.o [1]
  .near.rodata     const    0x009551    0x10  main.o [1]
  .near_func.text  ro code  0x009561     0xe  app_tim4.o [1]
  .near.rodata     const    0x00956f     0xd  main.o [1]
  .near_func.text  ro code  0x00957c     0xd  stm8s_awu.o [1]
  .near_func.text  ro code  0x009589     0xd  stm8s_uart1.o [1]
  .near_func.text  ro code  0x009596     0xc  LED.o [1]
  .near_func.text  ro code  0x0095a2     0xb  app_tim4.o [1]
  .near_func.text  ro code  0x0095ad     0xa  main.o [1]
  .near.rodata     const    0x0095b7     0x9  main.o [1]
  .near_func.text  ro code  0x0095c0     0x9  stm8s_awu.o [1]
  .near_func.text  ro code  0x0095c9     0x7  stm8s_gpio.o [1]
  .near_func.text  ro code  0x0095d0     0x6  char.o [4]
  .near_func.text  ro code  0x0095d6     0x5  cexit.o [4]
  .near.rodata     const    0x0095db     0x4  stm8s_clk.o [1]
  .near_func.text  ro code  0x0095df     0x4  stm8s_gpio.o [1]
  .near_func.text  ro code  0x0095e3     0x4  stm8s_uart1.o [1]
  .near_func.text  ro code  0x0095e7     0x4  wakeup_timer.o [1]
  .near_func.text  ro code  0x0095eb     0x3  interrupt.o [4]
  .near_func.text  ro code  0x0095ee     0x3  low_level_init.o [4]
  .near_func.text  ro code  0x0095f1     0x3  exit.o [4]
  .near_func.text  ro code  0x0095f4     0x3  unhandled_exception.o [4]
  .near_func.text  ro code  0x0095f7     0x2  main.o [1]
  .near_func.text  ro code  0x0095f9     0x1  stm8s_it.o [1]
  .near_func.text  ro code  0x0095fa     0x1  stm8s_it.o [1]
  .near_func.text  ro code  0x0095fb     0x1  stm8s_it.o [1]
  .near_func.text  ro code  0x0095fc     0x1  stm8s_it.o [1]
  .near_func.text  ro code  0x0095fd     0x1  stm8s_it.o [1]
  .near_func.text  ro code  0x0095fe     0x1  stm8s_it.o [1]
  .near_func.text  ro code  0x0095ff     0x1  stm8s_it.o [1]
  .near_func.text  ro code  0x009600     0x1  stm8s_it.o [1]
  .near_func.text  ro code  0x009601     0x1  stm8s_it.o [1]
  .near_func.text  ro code  0x009602     0x1  stm8s_it.o [1]
  .near_func.text  ro code  0x009603     0x1  stm8s_it.o [1]
  .near_func.text  ro code  0x009604     0x1  stm8s_it.o [1]
  .near_func.text  ro code  0x009605     0x1  stm8s_it.o [1]
  .near_func.text  ro code  0x009606     0x1  stm8s_it.o [1]
  .near_func.text  ro code  0x009607     0x1  stm8s_it.o [1]
  .near_func.text  ro code  0x009608     0x1  stm8s_it.o [1]
  .near_func.text  ro code  0x009609     0x1  stm8s_it.o [1]
  .near_func.text  ro code  0x00960a     0x1  stm8s_it.o [1]
  .near_func.text  ro code  0x00960b     0x1  __dbg_break.o [3]
                          - 0x00960c  0x158c


*******************************************************************************
*** INIT TABLE
***

          Address   Size
          -------   ----
Zero (__iar_zero_init2)
    1 destination range, total size 0x5c:
          0x000010  0x5c



*******************************************************************************
*** MODULE SUMMARY
***

    Module                 ro code  ro data  rw data
    ------                 -------  -------  -------
C:\Users\63432\Desktop\example\STM8_example\Debug\Obj: [1]
    LED.o                       32
    app_tim4.o                  85                 4
    main.o                     173       82        1
    ringbuffer.o               576
    stm8s_awu.o                327       98
    stm8s_clk.o                226       68
    stm8s_gpio.o               283       65
    stm8s_it.o                  77
    stm8s_tim4.o               291       65
    stm8s_uart1.o              721       66
    tEvent.o                 1 270                85
    uart.o                      76
    wakeup_timer.o              35                 2
    ------------------------------------------------
    Total:                   4 172      444       92

command line: [2]
    ------------------------------------------------
    Total:

dbgstm8smd.a: [3]
    __dbg_break.o                1
    __dbg_xxexit.o              20
    ------------------------------------------------
    Total:                      21

dlstm8smf.a: [4]
    cexit.o                      5
    char.o                       6
    cstartup.o                  19
    dc_util.o                   37
    exit.o                       3
    init.o                      20
    init_small.o                30
    interrupt.o                  3      128
    long.o                     304
    long_util.o                 71
    low_level_init.o             3
    memset.o                    22
    short.o                     35
    unhandled_exception.o        3
    vreg_util.o                310
    vregs.o                                       16
    ------------------------------------------------
    Total:                     871      128       16

    Linker created                        8      256
----------------------------------------------------
    Grand Total:             5 064      580      364


*******************************************************************************
*** ENTRY LIST
***

Entry                    Address   Size  Type      Object
-----                    -------   ----  ----      ------
.iar.init_table$$Base   0x0093b8          --   Gb  - Linker created -
.iar.init_table$$Limit  0x0093c0          --   Gb  - Linker created -
?b0                     0x000000         Data  Gb  vregs.o [4]
?b1                     0x000001         Data  Gb  vregs.o [4]
?b10                    0x00000a         Data  Gb  vregs.o [4]
?b11                    0x00000b         Data  Gb  vregs.o [4]
?b12                    0x00000c         Data  Gb  vregs.o [4]
?b13                    0x00000d         Data  Gb  vregs.o [4]
?b14                    0x00000e         Data  Gb  vregs.o [4]
?b15                    0x00000f         Data  Gb  vregs.o [4]
?b2                     0x000002         Data  Gb  vregs.o [4]
?b3                     0x000003         Data  Gb  vregs.o [4]
?b4                     0x000004         Data  Gb  vregs.o [4]
?b5                     0x000005         Data  Gb  vregs.o [4]
?b6                     0x000006         Data  Gb  vregs.o [4]
?b7                     0x000007         Data  Gb  vregs.o [4]
?b8                     0x000008         Data  Gb  vregs.o [4]
?b9                     0x000009         Data  Gb  vregs.o [4]
?dc32_l0                0x00934c         Code  Gb  dc_util.o [4]
?dc32_l1                0x009359         Code  Gb  dc_util.o [4]
?dc32_px                0x009366         Code  Gb  dc_util.o [4]
?e0                     0x000001         Data  Gb  vregs.o [4]
?e1                     0x000005         Data  Gb  vregs.o [4]
?e2                     0x000009         Data  Gb  vregs.o [4]
?e3                     0x00000d         Data  Gb  vregs.o [4]
?epilogue_l2            0x008787         Code  Gb  vreg_util.o [4]
?epilogue_l2_l3         0x008784         Code  Gb  vreg_util.o [4]
?epilogue_l2_w6         0x00878b         Code  Gb  vreg_util.o [4]
?epilogue_w4            0x008792         Code  Gb  vreg_util.o [4]
?l0                     0x000000         Data  Gb  vregs.o [4]
?l1                     0x000004         Data  Gb  vregs.o [4]
?l2                     0x000008         Data  Gb  vregs.o [4]
?l3                     0x00000c         Data  Gb  vregs.o [4]
?load32_0x_l0           0x0090af         Code  Gb  long_util.o [4]
?load32_asp_l0          0x0090a3         Code  Gb  long_util.o [4]
?load32_dbsp_l0         0x00909e         Code  Gb  long_util.o [4]
?load32_l0_0x           0x009086         Code  Gb  long_util.o [4]
?load32_l0_asp          0x00907b         Code  Gb  long_util.o [4]
?load32_l0_dbsp         0x009076         Code  Gb  long_util.o [4]
?load32_l0_xsp          0x00907d         Code  Gb  long_util.o [4]
?load32_l1_0x           0x009092         Code  Gb  long_util.o [4]
?load32_xsp_l0          0x0090a5         Code  Gb  long_util.o [4]
?mov_e0_e2              0x0087ca         Code  Gb  vreg_util.o [4]
?mov_e0_e3              0x0087d7         Code  Gb  vreg_util.o [4]
?mov_e1_e0              0x0087e4         Code  Gb  vreg_util.o [4]
?mov_e1_e2              0x0087f1         Code  Gb  vreg_util.o [4]
?mov_e1_e3              0x0087fe         Code  Gb  vreg_util.o [4]
?mov_e2_e0              0x00880b         Code  Gb  vreg_util.o [4]
?mov_e3_e0              0x008818         Code  Gb  vreg_util.o [4]
?mov_l0_l2              0x0087c7         Code  Gb  vreg_util.o [4]
?mov_l0_l3              0x0087d4         Code  Gb  vreg_util.o [4]
?mov_l1_l0              0x0087e1         Code  Gb  vreg_util.o [4]
?mov_l1_l2              0x0087ee         Code  Gb  vreg_util.o [4]
?mov_l1_l3              0x0087fb         Code  Gb  vreg_util.o [4]
?mov_l2_l0              0x008808         Code  Gb  vreg_util.o [4]
?mov_l3_l0              0x008815         Code  Gb  vreg_util.o [4]
?mov_w0_w2              0x008796         Code  Gb  vreg_util.o [4]
?mov_w0_w6              0x00879d         Code  Gb  vreg_util.o [4]
?mov_w1_w2              0x0087a4         Code  Gb  vreg_util.o [4]
?mov_w1_w5              0x0087cd         Code  Gb  vreg_util.o [4]
?mov_w1_w7              0x0087da         Code  Gb  vreg_util.o [4]
?mov_w2_w1              0x0087ab         Code  Gb  vreg_util.o [4]
?mov_w3_w0              0x0087b2         Code  Gb  vreg_util.o [4]
?mov_w3_w1              0x0087e7         Code  Gb  vreg_util.o [4]
?mov_w3_w5              0x0087f4         Code  Gb  vreg_util.o [4]
?mov_w3_w7              0x008801         Code  Gb  vreg_util.o [4]
?mov_w4_w0              0x0087b9         Code  Gb  vreg_util.o [4]
?mov_w5_w1              0x00880e         Code  Gb  vreg_util.o [4]
?mov_w6_w0              0x0087c0         Code  Gb  vreg_util.o [4]
?mov_w7_w1              0x00881b         Code  Gb  vreg_util.o [4]
?mul16_x_x_w0           0x009395         Code  Gb  short.o [4]
?mul32_l0_l0_0x         0x008845         Code  Gb  long.o [4]
?mul32_l0_l0_dl         0x008842         Code  Gb  long.o [4]
?mul32_l0_l0_l1         0x00884e         Code  Gb  long.o [4]
?pop_l0                 0x008750         Code  Gb  vreg_util.o [4]
?pop_l1                 0x00875b         Code  Gb  vreg_util.o [4]
?pop_l2                 0x008766         Code  Gb  vreg_util.o [4]
?pop_l3                 0x008771         Code  Gb  vreg_util.o [4]
?pop_w4                 0x008709         Code  Gb  vreg_util.o [4]
?pop_w6                 0x008710         Code  Gb  vreg_util.o [4]
?push_l0                0x00871f         Code  Gb  vreg_util.o [4]
?push_l1                0x008724         Code  Gb  vreg_util.o [4]
?push_l2                0x008729         Code  Gb  vreg_util.o [4]
?push_l3                0x00872e         Code  Gb  vreg_util.o [4]
?push_w4                0x0086ec         Code  Gb  vreg_util.o [4]
?push_w6                0x0086f1         Code  Gb  vreg_util.o [4]
?sll32_0x_0x_a          0x008944         Code  Gb  long.o [4]
?sll32_l0_l0_a          0x008941         Code  Gb  long.o [4]
?srl16_x_x_4            0x0093b3         Code  Gb  short.o [4]
?srl8_a_a_5             0x0095d1         Code  Gb  char.o [4]
?srl8_a_a_6             0x0095d0         Code  Gb  char.o [4]
?sub32_l0_l0_0x         0x00882a         Code  Gb  long.o [4]
?sub32_l0_l0_dl         0x008822         Code  Gb  long.o [4]
?sub32_l0_l0_l1         0x008827         Code  Gb  long.o [4]
?udiv32_l0_dl_l1        0x0088cc         Code  Gb  long.o [4]
?udiv32_l0_l0_dl        0x0088d1         Code  Gb  long.o [4]
?udiv32_l0_l0_l1        0x0088d4         Code  Gb  long.o [4]
?umod32_l1_l0_l1        0x0088d4         Code  Gb  long.o [4]
?w0                     0x000000         Data  Gb  vregs.o [4]
?w1                     0x000002         Data  Gb  vregs.o [4]
?w2                     0x000004         Data  Gb  vregs.o [4]
?w3                     0x000006         Data  Gb  vregs.o [4]
?w4                     0x000008         Data  Gb  vregs.o [4]
?w5                     0x00000a         Data  Gb  vregs.o [4]
?w6                     0x00000c         Data  Gb  vregs.o [4]
?w7                     0x00000e         Data  Gb  vregs.o [4]
ADC1_IRQHandler         0x009609    0x1  Code  Gb  stm8s_it.o [1]
APR_Array               0x00952f   0x11  Data  Gb  stm8s_awu.o [1]
AWU_Cmd                 0x00957c    0xd  Code  Gb  stm8s_awu.o [1]
AWU_GetFlagStatus       0x0095c0    0x9  Code  Gb  stm8s_awu.o [1]
AWU_IRQHandler          0x0093c0   0x20  Code  Gb  stm8s_it.o [1]
AWU_Init                0x008a62   0xa9  Code  Gb  stm8s_awu.o [1]
AWU_LSICalibrationConfig
                        0x008e05   0x88  Code  Gb  stm8s_awu.o [1]
CLK_GetClockFreq        0x008e8d   0x57  Code  Gb  stm8s_clk.o [1]
CLK_IRQHandler          0x0095fb    0x1  Code  Gb  stm8s_it.o [1]
CLK_SYSCLKConfig        0x008d7a   0x8b  Code  Gb  stm8s_clk.o [1]
CSTACK$$Base            0x000300          --   Gb  - Linker created -
CSTACK$$Limit           0x000400          --   Gb  - Linker created -
EEPROM_EEC_IRQHandler   0x00960a    0x1  Code  Gb  stm8s_it.o [1]
EXTI_PORTA_IRQHandler   0x0095fc    0x1  Code  Gb  stm8s_it.o [1]
EXTI_PORTB_IRQHandler   0x0095fd    0x1  Code  Gb  stm8s_it.o [1]
EXTI_PORTC_IRQHandler   0x0095fe    0x1  Code  Gb  stm8s_it.o [1]
EXTI_PORTD_IRQHandler   0x0095ff    0x1  Code  Gb  stm8s_it.o [1]
EXTI_PORTE_IRQHandler   0x009600    0x1  Code  Gb  stm8s_it.o [1]
GPIO_Init               0x008952  0x110  Code  Gb  stm8s_gpio.o [1]
GPIO_WriteHigh          0x0095c9    0x7  Code  Gb  stm8s_gpio.o [1]
GPIO_WriteLow           0x0095df    0x4  Code  Gb  stm8s_gpio.o [1]
HSIDivFactor            0x0095db    0x4  Data  Gb  stm8s_clk.o [1]
I2C_IRQHandler          0x009608    0x1  Code  Gb  stm8s_it.o [1]
INTVEC$$Base            0x008000          --   Gb  - Linker created -
INTVEC$$Limit           0x008080          --   Gb  - Linker created -
LED1_Control            0x0094e0   0x14  Code  Gb  LED.o [1]
LED_init                0x009596    0xc  Code  Gb  LED.o [1]
Region$$Table$$Base     0x0093b8          --   Gb  - Linker created -
Region$$Table$$Limit    0x0093c0          --   Gb  - Linker created -
SPI_IRQHandler          0x009601    0x1  Code  Gb  stm8s_it.o [1]
TBR_Array               0x009540   0x11  Data  Gb  stm8s_awu.o [1]
TIM1_CAP_COM_IRQHandler
                        0x009603    0x1  Code  Gb  stm8s_it.o [1]
TIM1_UPD_OVF_TRG_BRK_IRQHandler
                        0x009602    0x1  Code  Gb  stm8s_it.o [1]
TIM2_CAP_COM_IRQHandler
                        0x009605    0x1  Code  Gb  stm8s_it.o [1]
TIM2_UPD_OVF_BRK_IRQHandler
                        0x009604    0x1  Code  Gb  stm8s_it.o [1]
TIM4_ARRPreloadConfig   0x00931d   0x2f  Code  Gb  stm8s_tim4.o [1]
TIM4_ClearFlag          0x009371   0x24  Code  Gb  stm8s_tim4.o [1]
TIM4_Cmd                0x0092ee   0x2f  Code  Gb  stm8s_tim4.o [1]
TIM4_ITConfig           0x008fd8   0x50  Code  Gb  stm8s_tim4.o [1]
TIM4_TimeBaseInit       0x008f37   0x51  Code  Gb  stm8s_tim4.o [1]
TIM4_UPD_OVF_IRQHandler
                        0x00941d   0x1b  Code  Gb  stm8s_it.o [1]
TLI_IRQHandler          0x0095fa    0x1  Code  Gb  stm8s_it.o [1]
TRAP_IRQHandler         0x0095f9    0x1  Code  Gb  stm8s_it.o [1]
UART1_Cmd               0x009589    0xd  Code  Gb  stm8s_uart1.o [1]
UART1_GetFlagStatus     0x008bad   0x9e  Code  Gb  stm8s_uart1.o [1]
UART1_Init              0x0084ca  0x222  Code  Gb  stm8s_uart1.o [1]
UART1_RX_IRQHandler     0x009607    0x1  Code  Gb  stm8s_it.o [1]
UART1_SendData8         0x0095e3    0x4  Code  Gb  stm8s_uart1.o [1]
UART1_TX_IRQHandler     0x009606    0x1  Code  Gb  stm8s_it.o [1]
UART1_init              0x009452   0x1a  Code  Gb  uart.o [1]
UART1_send_byte         0x009486   0x18  Code  Gb  uart.o [1]
__DebugBreak            0x00960b    0x1  Code  Gb  __dbg_break.o [3]
__exit                  0x009508   0x14  Code  Gb  __dbg_xxexit.o [3]
__iar_data_init2        0x0094f4   0x14  Code  Gb  init.o [4]
__iar_program_start     0x00951c         Code  Gb  cstartup.o [4]
__iar_unhandled_exception
                        0x0095f4         Code  Gb  unhandled_exception.o [4]
__iar_zero_init2        0x0093ff         Code  Gb  init_small.o [4]
__intvec                0x008000         Data  Gb  interrupt.o [4]
__low_level_init        0x0095ee    0x3  Code  Gb  low_level_init.o [4]
_exit                   0x0095d6         Code  Gb  cexit.o [4]
_interrupt_1            0x0095f9         Code  Gb  stm8s_it.o [1]
_interrupt_12           0x009601         Code  Gb  stm8s_it.o [1]
_interrupt_13           0x009602         Code  Gb  stm8s_it.o [1]
_interrupt_14           0x009603         Code  Gb  stm8s_it.o [1]
_interrupt_15           0x009604         Code  Gb  stm8s_it.o [1]
_interrupt_16           0x009605         Code  Gb  stm8s_it.o [1]
_interrupt_19           0x009606         Code  Gb  stm8s_it.o [1]
_interrupt_2            0x0095fa         Code  Gb  stm8s_it.o [1]
_interrupt_20           0x009607         Code  Gb  stm8s_it.o [1]
_interrupt_21           0x009608         Code  Gb  stm8s_it.o [1]
_interrupt_24           0x009609         Code  Gb  stm8s_it.o [1]
_interrupt_25           0x00941d         Code  Gb  stm8s_it.o [1]
_interrupt_26           0x00960a         Code  Gb  stm8s_it.o [1]
_interrupt_3            0x0093c0         Code  Gb  stm8s_it.o [1]
_interrupt_4            0x0095fb         Code  Gb  stm8s_it.o [1]
_interrupt_5            0x0095fc         Code  Gb  stm8s_it.o [1]
_interrupt_6            0x0095fd         Code  Gb  stm8s_it.o [1]
_interrupt_7            0x0095fe         Code  Gb  stm8s_it.o [1]
_interrupt_8            0x0095ff         Code  Gb  stm8s_it.o [1]
_interrupt_9            0x009600         Code  Gb  stm8s_it.o [1]
app_tim4_init           0x009244   0x3c  Code  Gb  app_tim4.o [1]
app_tim4_start          0x009561    0xe  Code  Gb  app_tim4.o [1]
app_tim4_stop           0x0095a2    0xb  Code  Gb  app_tim4.o [1]
assert_failed           0x0095f7    0x2  Code  Gb  main.o [1]
event_buffer            0x00004c   0x10  Data  Lc  tEvent.o [1]
event_ringbuf_obj       0x00005c    0x9  Data  Lc  tEvent.o [1]
event_sched             0x008ee4   0x53  Code  Gb  main.o [1]
event_sched{1}{2}{3}::state
                        0x00006b    0x1  Data  Lc  main.o [1]
exit                    0x0095f1    0x3  Code  Gb  exit.o [4]
main                    0x009028   0x4e  Code  Gb  main.o [1]
memset                  0x0094b5   0x16  Code  Gb  memset.o [4]
period                  0x000065    0x4  Data  Gb  app_tim4.o [1]
printf_string           0x00946c   0x1a  Code  Gb  uart.o [1]
ringbuffer_all_clear    0x0092b8   0x36  Code  Gb  ringbuffer.o [1]
ringbuffer_free_space   0x0090bd   0x43  Code  Gb  ringbuffer.o [1]
ringbuffer_get          0x008b0b   0xa2  Code  Gb  ringbuffer.o [1]
ringbuffer_init         0x008f88   0x50  Code  Gb  ringbuffer.o [1]
ringbuffer_put          0x008c4b   0x9d  Code  Gb  ringbuffer.o [1]
ringbuffer_use_space    0x009280   0x38  Code  Gb  ringbuffer.o [1]
tEvent_ctreate          0x008086   0x98  Code  Gb  tEvent.o [1]
tEvent_drv_init         0x009438   0x1a  Code  Gb  tEvent.o [1]
tEvent_get              0x008377    0xa  Code  Gb  tEvent.o [1]
tEvent_priority_get     0x008285   0xab  Code  Gb  tEvent.o [1]
tEvent_put              0x008381   0x6a  Code  Gb  tEvent.o [1]
tEvent_queque_get       0x008267   0x1e  Code  Gb  tEvent.o [1]
tEvent_resume_work      0x008ce8   0x92  Code  Gb  tEvent.o [1]
tEvent_set_priority     0x008330   0x47  Code  Gb  tEvent.o [1]
tEvent_sleep            0x0083eb   0xdf  Code  Gb  tEvent.o [1]
tEvent_tick_start       0x008080    0x3  Code  Gb  tEvent.o [1]
tEvent_tick_stop        0x008083    0x3  Code  Gb  tEvent.o [1]
tEvent_timer_start      0x00811e   0x3c  Code  Gb  tEvent.o [1]
tEvent_timer_ticking    0x00815a  0x10d  Code  Gb  tEvent.o [1]
timer_event             0x000010   0x3c  Data  Lc  tEvent.o [1]
wakeup_callback         0x0095ad    0xa  Code  Gb  main.o [1]
wakeup_handler_registered
                        0x0095e7    0x4  Code  Gb  wakeup_timer.o [1]
wakeup_timer_enable     0x0093e0   0x1f  Code  Gb  wakeup_timer.o [1]
wakeup_timer_handler    0x000069    0x2  Data  Gb  wakeup_timer.o [1]


[1] = C:\Users\63432\Desktop\example\STM8_example\Debug\Obj
[2] = command line
[3] = dbgstm8smd.a
[4] = dlstm8smf.a

  5 064 bytes of readonly  code memory
    580 bytes of readonly  data memory
    364 bytes of readwrite data memory

Errors: none
Warnings: none
